ERROR => Line 2, col 15: Expected ')' to end expression
