ERROR => Line 2, col 7: Unexpected end of block. Should use '}'
