ERROR => Line 3, col 10: Unexpected end of expression
