ERROR => Line 2, col 6: Unexpected end of variable declaration
