ERROR => Line 2, col 2: Declaration of variable 'a' not found
