ERROR => Line 2, col 22: Redeclaration of variable. 'a' previously found in line 2, col 9
