ERROR => Line 1, col 8: Redeclaration of variable. 'a' previously found in line 1, col 5
