ERROR => Line 7, col 5: Function declaration of soma(INT, CAR) not found
