ERROR => Line 2, col 15: Function type is 'int' but told to return 'car'
