ERROR => Line 1, col 5: No command 'retorne' found for this function
