ERROR => Line 1, col 22: Redeclaration of parameter. 'a' previously found in line 1, col 15
