ERROR => Line 2, col 15: Invalid variable declaration
