ERROR => Line 2, col 7: Invalid array size expression
