ERROR => Line 2, col 9: Expected name of variable, got: Operator
