ERROR => Line 2, col 3: Invalid expression after 'se'
