ERROR => Line 3, col 1: Expected block 'programa'
