ERROR => Line 2, col 8: Invalid variable declaration
