ERROR => Line 2, col 15: Unfinished character declaration
