ERROR => Line 1, col 4: Expected function, variable declaration or 'programa' block, got: 'soma'
