ERROR => Line 1, col 10: Should be Type. Found: Name 'a'
