ERROR => Line 1, col 13: Should be Name. Found: Operator ')'
