ERROR => Line 1, col 16: Should be Type. Found: Operator ')'
